--
-- ALTER DEFAULT PRIVILEGES
--
ALTER DEFAULT PRIVILEGES IN SCHEMA public
  REVOKE ALL PRIVILEGES ON TABLES FROM public;
NOTICE:  DDL test: type alter default privileges, tag ALTER DEFAULT PRIVILEGES
