--
-- Materialized views
--
CREATE MATERIALIZED VIEW ddl_deparse_mv AS
  SELECT * FROM datatype_table LIMIT 1 WITH NO DATA;
NOTICE:  DDL test: type simple, tag CREATE MATERIALIZED VIEW
REFRESH MATERIALIZED VIEW ddl_deparse_mv;
NOTICE:  DDL test: type simple, tag REFRESH MATERIALIZED VIEW
