-- 'nls_length_semantics' parameter
SET nls_length_semantics to char;
SET nls_length_semantics to byte;
-- Only values of 'char' and 'byte' is valid
SET nls_length_semantics to other;
ERROR:  invalid value for parameter "nls_length_semantics": "other"
-- invalid range
CREATE TABLE TEST_ORACHAR(a char(32768 byte));
ERROR:  length for type char cannot exceed 32767
LINE 1: CREATE TABLE TEST_ORACHAR(a char(32768 byte));
                                    ^
CREATE TABLE TEST_ORACHAR(a char(32768 char));
ERROR:  length for type char cannot exceed 32767
LINE 1: CREATE TABLE TEST_ORACHAR(a char(32768 char));
                                    ^
CREATE TABLE TEST_ORACHAR(a varchar2(32768 byte));
ERROR:  length for type varchar2 cannot exceed 32767
LINE 1: CREATE TABLE TEST_ORACHAR(a varchar2(32768 byte));
                                    ^
CREATE TABLE TEST_ORACHAR(a varchar2(32768 char));
ERROR:  length for type varchar2 cannot exceed 32767
LINE 1: CREATE TABLE TEST_ORACHAR(a varchar2(32768 char));
                                    ^
-- valid range
CREATE TABLE TEST_ORACHAR(a char(5 byte), b char(5 char));
CREATE TABLE TEST_ORAVARCHAR(a varchar2(5 char), b varchar2(5 byte));
INSERT INTO TEST_ORACHAR SELECT generate_series(1,10), generate_series(1,10);
INSERT INTO TEST_ORAVARCHAR SELECT generate_series(1,10), generate_series(1,10);
-- Comparison operator
--char
SELECT * FROM TEST_ORACHAR WHERE a = '5';
   a   |   b   
-------+-------
 5     | 5    
(1 row)

SELECT * FROM TEST_ORACHAR WHERE a <> '5';
   a   |   b   
-------+-------
 1     | 1    
 2     | 2    
 3     | 3    
 4     | 4    
 6     | 6    
 7     | 7    
 8     | 8    
 9     | 9    
 10    | 10   
(9 rows)

SELECT * FROM TEST_ORACHAR WHERE a > '5';
   a   |   b   
-------+-------
 6     | 6    
 7     | 7    
 8     | 8    
 9     | 9    
(4 rows)

SELECT * FROM TEST_ORACHAR WHERE a >= '5';
   a   |   b   
-------+-------
 5     | 5    
 6     | 6    
 7     | 7    
 8     | 8    
 9     | 9    
(5 rows)

SELECT * FROM TEST_ORACHAR WHERE a < '5';
   a   |   b   
-------+-------
 1     | 1    
 2     | 2    
 3     | 3    
 4     | 4    
 10    | 10   
(5 rows)

SELECT * FROM TEST_ORACHAR WHERE a <= '5';
   a   |   b   
-------+-------
 1     | 1    
 2     | 2    
 3     | 3    
 4     | 4    
 5     | 5    
 10    | 10   
(6 rows)

--varchar2
SELECT * FROM TEST_ORAVARCHAR WHERE a = '5';
 a | b 
---+---
 5 | 5
(1 row)

SELECT * FROM TEST_ORAVARCHAR WHERE a <> '5';
 a  | b  
----+----
 1  | 1
 2  | 2
 3  | 3
 4  | 4
 6  | 6
 7  | 7
 8  | 8
 9  | 9
 10 | 10
(9 rows)

SELECT * FROM TEST_ORAVARCHAR WHERE a > '5';
 a | b 
---+---
 6 | 6
 7 | 7
 8 | 8
 9 | 9
(4 rows)

SELECT * FROM TEST_ORAVARCHAR WHERE a >= '5';
 a | b 
---+---
 5 | 5
 6 | 6
 7 | 7
 8 | 8
 9 | 9
(5 rows)

SELECT * FROM TEST_ORAVARCHAR WHERE a < '5';
 a  | b  
----+----
 1  | 1
 2  | 2
 3  | 3
 4  | 4
 10 | 10
(5 rows)

SELECT * FROM TEST_ORAVARCHAR WHERE a <= '5';
 a  | b  
----+----
 1  | 1
 2  | 2
 3  | 3
 4  | 4
 5  | 5
 10 | 10
(6 rows)

-- Arithmetic operator
-- char/char
SELECT '123'::char(3) + '123'::char(3);
 ?column? 
----------
 246
(1 row)

SELECT '123'::char(3) - '123'::char(3);
 ?column? 
----------
 0
(1 row)

SELECT '123'::char(3) * '123'::char(3);
 ?column? 
----------
 15129
(1 row)

SELECT '123'::char(3) / '123'::char(3);
        ?column?        
------------------------
 1.00000000000000000000
(1 row)

-- char/varchar2
SELECT '123'::char(3) + '123'::varchar2(3);
 ?column? 
----------
 246
(1 row)

SELECT '123'::char(3) - '123'::varchar2(3);
 ?column? 
----------
 0
(1 row)

SELECT '123'::char(3) * '123'::varchar2(3);
 ?column? 
----------
 15129
(1 row)

SELECT '123'::char(3) / '123'::varchar2(3);
        ?column?        
------------------------
 1.00000000000000000000
(1 row)

-- char/unknown
SELECT '123'::char(3) + '123';
 ?column? 
----------
 246
(1 row)

SELECT '123'::char(3) - '123';
 ?column? 
----------
 0
(1 row)

SELECT '123'::char(3) * '123';
 ?column? 
----------
 15129
(1 row)

SELECT '123'::char(3) / '123';
        ?column?        
------------------------
 1.00000000000000000000
(1 row)

-- varchar2/varchar2
SELECT '123'::varchar2(3) + '123'::varchar2(3);
 ?column? 
----------
 246
(1 row)

SELECT '123'::varchar2(3) - '123'::varchar2(3);
 ?column? 
----------
 0
(1 row)

SELECT '123'::varchar2(3) * '123'::varchar2(3);
 ?column? 
----------
 15129
(1 row)

SELECT '123'::varchar2(3) / '123'::varchar2(3);
        ?column?        
------------------------
 1.00000000000000000000
(1 row)

-- varchar2/char
SELECT '123'::varchar2(3) + '123'::char(3);
 ?column? 
----------
 246
(1 row)

SELECT '123'::varchar2(3) - '123'::char(3);
 ?column? 
----------
 0
(1 row)

SELECT '123'::varchar2(3) * '123'::char(3);
 ?column? 
----------
 15129
(1 row)

SELECT '123'::varchar2(3) / '123'::char(3);
        ?column?        
------------------------
 1.00000000000000000000
(1 row)

-- varchar2/unknown
SELECT '123'::varchar2(3) + '123';
 ?column? 
----------
 246
(1 row)

SELECT '123'::varchar2(3) - '123';
 ?column? 
----------
 0
(1 row)

SELECT '123'::varchar2(3) * '123';
 ?column? 
----------
 15129
(1 row)

SELECT '123'::varchar2(3) / '123';
        ?column?        
------------------------
 1.00000000000000000000
(1 row)

-- unknown/unknown	 
SELECT '123' + '123';
 ?column? 
----------
 246
(1 row)

SELECT '123' - '123';
 ?column? 
----------
 0
(1 row)

SELECT '123' * '123';
 ?column? 
----------
 15129
(1 row)

SELECT '123' / '123';
        ?column?        
------------------------
 1.00000000000000000000
(1 row)

-- Spaces are ignored when CHAR compared with CHAR
SELECT * FROM TEST_ORACHAR WHERE a = '5   ';
   a   |   b   
-------+-------
 5     | 5    
(1 row)

-- Spaces are not ignored when VARCHAR2 compared with VARCHAR2
SELECT * FROM TEST_ORAVARCHAR WHERE a = '5   ';
 a | b 
---+---
(0 rows)

-- AGGREGATE
--CHAR
SELECT max(a), min(b) FROM TEST_ORACHAR;
  max  |  min  
-------+-------
 9     | 1    
(1 row)

SELECT min(a), max(b) FROM TEST_ORACHAR;
  min  |  max  
-------+-------
 1     | 9    
(1 row)

--VARCHAR2
SELECT max(a), min(b) from TEST_ORAVARCHAR;
 max | min 
-----+-----
 9   | 1
(1 row)

SELECT min(a), max(b) from TEST_ORAVARCHAR;
 min | max 
-----+-----
 1   | 9
(1 row)

-- index 
-- CHAR
DELETE FROM TEST_ORACHAR;
CREATE INDEX test_orachar_btree ON TEST_ORACHAR(a);
CREATE INDEX test_orachar_hash ON TEST_ORACHAR USING HASH (a);
CREATE INDEX test_orachar_brin ON TEST_ORACHAR USING BRIN (a);
INSERT INTO TEST_ORACHAR SELECT generate_series(1,10000), generate_series(1,10000);
SELECT * FROM TEST_ORACHAR WHERE a='111';
   a   |   b   
-------+-------
 111   | 111  
(1 row)

VACUUM ANALYZE TEST_ORACHAR;
explain (costs off) SELECT * FROM TEST_ORACHAR WHERE a='111';
                     QUERY PLAN                     
----------------------------------------------------
 Index Scan using test_orachar_hash on test_orachar
   Index Cond: (a = '111'::oracharbyte)
(2 rows)

--VARCHAR2
--DELETE FROM TEST_ORAVARCHAR;
TRUNCATE TEST_ORAVARCHAR;
CREATE INDEX test_oravarchar_a ON TEST_ORAVARCHAR (a);
CREATE INDEX test_oravarchar_b ON TEST_ORAVARCHAR USING HASH (a);
INSERT INTO TEST_ORAVARCHAR SELECT generate_series(1,10000), generate_series(1,10000);
SELECT * FROM TEST_ORAVARCHAR WHERE a='111';
  a  |  b  
-----+-----
 111 | 111
(1 row)

VACUUM ANALYZE TEST_ORAVARCHAR;
--SET enable_bitmapscan = off;
explain (costs off) SELECT * FROM TEST_ORAVARCHAR WHERE a='111';
                      QUERY PLAN                       
-------------------------------------------------------
 Index Scan using test_oravarchar_b on test_oravarchar
   Index Cond: (a = '111'::varchar2)
(2 rows)

-- drop table
DROP TABLE TEST_ORACHAR;
DROP TABLE TEST_ORAVARCHAR;
