_RETVAL_       
26.99          	
8.97,[0:2]={11.22,33.44,55.66}
0,0
