_RETVAL_       
8.8848         	
123.512,[0:2]={1.1234567,2.1234567,3.1234567}
0,0
