_RETVAL_       
+000000001-03  	
+000000001-02,[0:2]={+000000001-01,+000000001-02,+000000001-03}
0,0
_RETVAL_       
+000000004 14:12:12.000000000	
+000000004 12:12:12.000000000,[0:2]={"+000000004 13:12:12.000000000","+000000005 13:12:12.000000000","+000000006 13:12:12.000000000"}
0,0
