_RETVAL_       
thanks         	
out parameter:plsql function name1,plsql function name2,23
