-- binary_double check
CREATE TABLE binary_double_test (a binary_double);
\copy binary_double_test from 'data/binary_double.data'
SET enable_seqscan=on;
SELECT count(*) FROM binary_double_test WHERE a <  -1890.0;
 count 
-------
   237
(1 row)

SELECT count(*) FROM binary_double_test WHERE a <= -1890.0;
 count 
-------
   238
(1 row)

SELECT count(*) FROM binary_double_test WHERE a  = -1890.0;
 count 
-------
     1
(1 row)

SELECT count(*) FROM binary_double_test WHERE a >= -1890.0;
 count 
-------
   307
(1 row)

SELECT count(*) FROM binary_double_test WHERE a >  -1890.0;
 count 
-------
   306
(1 row)

CREATE INDEX binary_doubleidx ON binary_double_test USING gin ( a );
SET enable_seqscan=off;
EXPLAIN (COSTS OFF)
SELECT count(*) FROM binary_double_test WHERE a <  -1890.0::binary_double;
                       QUERY PLAN                       
--------------------------------------------------------
 Aggregate
   ->  Bitmap Heap Scan on binary_double_test
         Recheck Cond: (a < '-1890'::binary_double)
         ->  Bitmap Index Scan on binary_doubleidx
               Index Cond: (a < '-1890'::binary_double)
(5 rows)

SELECT count(*) FROM binary_double_test WHERE a <  -1890.0::binary_double;
 count 
-------
   237
(1 row)

EXPLAIN (COSTS OFF)
SELECT count(*) FROM binary_double_test WHERE a <= -1890.0::binary_double;
                       QUERY PLAN                        
---------------------------------------------------------
 Aggregate
   ->  Bitmap Heap Scan on binary_double_test
         Recheck Cond: (a <= '-1890'::binary_double)
         ->  Bitmap Index Scan on binary_doubleidx
               Index Cond: (a <= '-1890'::binary_double)
(5 rows)

SELECT count(*) FROM binary_double_test WHERE a <= -1890.0::binary_double;
 count 
-------
   238
(1 row)

EXPLAIN (COSTS OFF)
SELECT count(*) FROM binary_double_test WHERE a  = -1890.0::binary_double;
                       QUERY PLAN                       
--------------------------------------------------------
 Aggregate
   ->  Bitmap Heap Scan on binary_double_test
         Recheck Cond: (a = '-1890'::binary_double)
         ->  Bitmap Index Scan on binary_doubleidx
               Index Cond: (a = '-1890'::binary_double)
(5 rows)

SELECT count(*) FROM binary_double_test WHERE a  = -1890.0::binary_double;
 count 
-------
     1
(1 row)

EXPLAIN (COSTS OFF)
SELECT count(*) FROM binary_double_test WHERE a >= -1890.0::binary_double;
                       QUERY PLAN                        
---------------------------------------------------------
 Aggregate
   ->  Bitmap Heap Scan on binary_double_test
         Recheck Cond: (a >= '-1890'::binary_double)
         ->  Bitmap Index Scan on binary_doubleidx
               Index Cond: (a >= '-1890'::binary_double)
(5 rows)

SELECT count(*) FROM binary_double_test WHERE a >= -1890.0::binary_double;
 count 
-------
   307
(1 row)

EXPLAIN (COSTS OFF)
SELECT count(*) FROM binary_double_test WHERE a >  -1890.0::binary_double;
                       QUERY PLAN                       
--------------------------------------------------------
 Aggregate
   ->  Bitmap Heap Scan on binary_double_test
         Recheck Cond: (a > '-1890'::binary_double)
         ->  Bitmap Index Scan on binary_doubleidx
               Index Cond: (a > '-1890'::binary_double)
(5 rows)

SELECT count(*) FROM binary_double_test WHERE a >  -1890.0::binary_double;
 count 
-------
   306
(1 row)

