--
-- Test cases for encoding with COPY commands
--
-- skip test if not UTF8 server encoding
SELECT getdatabaseencoding() <> 'UTF8'
       AS skip_test \gset
\if :skip_test
\quit
