--
-- CREATE SEQUENCE
--
SET ivorysql.enable_seq_scale_fixed = TRUE;
-- various error cases
CREATE SEQUENCE sequence_testx INCREMENT BY 0;
ERROR:  INCREMENT must not be zero
CREATE SEQUENCE sequence_testx INCREMENT BY -1 MINVALUE 20;
ERROR:  MINVALUE (20) must be less than MAXVALUE (-1)
CREATE SEQUENCE sequence_testx INCREMENT BY 1 MAXVALUE -20;
ERROR:  MINVALUE (1) must be less than MAXVALUE (-20)
CREATE SEQUENCE sequence_testx INCREMENT BY 1 START WITH -10;
ERROR:  START value (-10) cannot be less than MINVALUE (1)
CREATE SEQUENCE sequence_testx CACHE 0;
ERROR:  the number of values to CACHE must be greater than 1
-- OWNED BY errors
CREATE SEQUENCE sequence_testx OWNED BY nobody;  -- nonsense word
ERROR:  invalid OWNED BY option
HINT:  Specify OWNED BY table.column or OWNED BY NONE.
CREATE SEQUENCE sequence_testx OWNED BY pg_class_oid_index.oid;  -- not a table
ERROR:  sequence cannot be owned by relation "pg_class_oid_index"
DETAIL:  This operation is not supported for indexes.
CREATE SEQUENCE sequence_testx OWNED BY pg_class.relname;  -- not same schema
ERROR:  sequence must be in same schema as table it is linked to
CREATE TABLE sequence_test_table (a int);
CREATE SEQUENCE sequence_testx OWNED BY sequence_test_table.b;  -- wrong column
ERROR:  column "b" of relation "sequence_test_table" does not exist
DROP TABLE sequence_test_table;
-- sequence data types
CREATE SEQUENCE sequence_test5 AS integer NOCACHE;
CREATE SEQUENCE sequence_test6 AS smallint NOCACHE;
CREATE SEQUENCE sequence_test7 AS bigint NOCACHE;
CREATE SEQUENCE sequence_test8 AS integer MAXVALUE 100000 NOCACHE;
CREATE SEQUENCE sequence_test9 AS integer INCREMENT BY -1 NOCACHE;
CREATE SEQUENCE sequence_test10 AS integer MINVALUE -100000 START WITH 1 NOCACHE;
CREATE SEQUENCE sequence_test11 AS smallint NOCACHE;
CREATE SEQUENCE sequence_test12 AS smallint INCREMENT BY -1 NOCACHE;
CREATE SEQUENCE sequence_test13 AS smallint MINVALUE -32768 NOCACHE;
CREATE SEQUENCE sequence_test14 AS smallint MAXVALUE 32767 INCREMENT BY -1 NOCACHE;
CREATE SEQUENCE sequence_testx AS text;
ERROR:  sequence type must be a numeric type
CREATE SEQUENCE sequence_testx AS nosuchtype;
ERROR:  type "nosuchtype" does not exist
LINE 1: CREATE SEQUENCE sequence_testx AS nosuchtype;
                                          ^
CREATE SEQUENCE sequence_testx AS smallint MAXVALUE 100000;
ERROR:  MAXVALUE (100000) is out of range for sequence data type pg_catalog.int2
CREATE SEQUENCE sequence_testx AS smallint MINVALUE -100000;
ERROR:  MINVALUE (-100000) is out of range for sequence data type pg_catalog.int2
ALTER SEQUENCE sequence_test5 AS smallint;  -- success, max will be adjusted
ALTER SEQUENCE sequence_test8 AS smallint;  -- fail, max has to be adjusted
ERROR:  MAXVALUE (100000) is out of range for sequence data type pg_catalog.int2
ALTER SEQUENCE sequence_test8 AS smallint MAXVALUE 20000;  -- ok now
ALTER SEQUENCE sequence_test9 AS smallint;  -- success, min will be adjusted
ALTER SEQUENCE sequence_test10 AS smallint;  -- fail, min has to be adjusted
ERROR:  MINVALUE (-100000) is out of range for sequence data type pg_catalog.int2
ALTER SEQUENCE sequence_test10 AS smallint MINVALUE -20000;  -- ok now
ALTER SEQUENCE sequence_test11 AS int;  -- max will be adjusted
ALTER SEQUENCE sequence_test12 AS int;  -- min will be adjusted
ALTER SEQUENCE sequence_test13 AS int;  -- min and max will be adjusted
ALTER SEQUENCE sequence_test14 AS int;  -- min and max will be adjusted
---
--- test creation of SERIAL column
---
CREATE TABLE serialTest1 (f1 text, f2 serial);
INSERT INTO serialTest1 VALUES ('foo');
INSERT INTO serialTest1 VALUES ('bar');
INSERT INTO serialTest1 VALUES ('force', 100);
INSERT INTO serialTest1 VALUES ('wrong', NULL);
ERROR:  null value in column "f2" of relation "serialtest1" violates not-null constraint
DETAIL:  Failing row contains (wrong, null).
SELECT * FROM serialTest1;
  f1   | f2  
-------+-----
 foo   |   1
 bar   |   2
 force | 100
(3 rows)

SELECT pg_get_serial_sequence('serialTest1', 'f2');
  pg_get_serial_sequence   
---------------------------
 public.serialtest1_f2_seq
(1 row)

-- test smallserial / bigserial
CREATE TABLE serialTest2 (f1 text, f2 serial, f3 smallserial, f4 serial2,
  f5 bigserial, f6 serial8);
INSERT INTO serialTest2 (f1)
  VALUES ('test_defaults');
INSERT INTO serialTest2 (f1, f2, f3, f4, f5, f6)
  VALUES ('test_max_vals', 2147483647, 32767, 32767, 9223372036854775807,
          9223372036854775807),
         ('test_min_vals', -2147483648, -32768, -32768, -9223372036854775808,
          -9223372036854775808);
-- All these INSERTs should fail:
INSERT INTO serialTest2 (f1, f3)
  VALUES ('bogus', -32769);
ERROR:  smallint out of range
INSERT INTO serialTest2 (f1, f4)
  VALUES ('bogus', -32769);
ERROR:  smallint out of range
INSERT INTO serialTest2 (f1, f3)
  VALUES ('bogus', 32768);
ERROR:  smallint out of range
INSERT INTO serialTest2 (f1, f4)
  VALUES ('bogus', 32768);
ERROR:  smallint out of range
INSERT INTO serialTest2 (f1, f5)
  VALUES ('bogus', -9223372036854775809);
ERROR:  bigint out of range
INSERT INTO serialTest2 (f1, f6)
  VALUES ('bogus', -9223372036854775809);
ERROR:  bigint out of range
INSERT INTO serialTest2 (f1, f5)
  VALUES ('bogus', 9223372036854775808);
ERROR:  bigint out of range
INSERT INTO serialTest2 (f1, f6)
  VALUES ('bogus', 9223372036854775808);
ERROR:  bigint out of range
SELECT * FROM serialTest2 ORDER BY f2 ASC;
      f1       |     f2      |   f3   |   f4   |          f5          |          f6          
---------------+-------------+--------+--------+----------------------+----------------------
 test_min_vals | -2147483648 | -32768 | -32768 | -9223372036854775808 | -9223372036854775808
 test_defaults |           1 |      1 |      1 |                    1 |                    1
 test_max_vals |  2147483647 |  32767 |  32767 |  9223372036854775807 |  9223372036854775807
(3 rows)

SELECT nextval('serialTest2_f2_seq');
 nextval 
---------
       2
(1 row)

SELECT nextval('serialTest2_f3_seq');
 nextval 
---------
       2
(1 row)

SELECT nextval('serialTest2_f4_seq');
 nextval 
---------
       2
(1 row)

SELECT nextval('serialTest2_f5_seq');
 nextval 
---------
       2
(1 row)

SELECT nextval('serialTest2_f6_seq');
 nextval 
---------
       2
(1 row)

-- basic sequence operations using both text and oid references
CREATE SEQUENCE sequence_test;
CREATE SEQUENCE IF NOT EXISTS sequence_test;
NOTICE:  relation "sequence_test" already exists, skipping
SELECT nextval('sequence_test'::text);
 nextval 
---------
       1
(1 row)

SELECT nextval('sequence_test'::regclass);
 nextval 
---------
       2
(1 row)

SELECT currval('sequence_test'::text);
 currval 
---------
       2
(1 row)

SELECT currval('sequence_test'::regclass);
 currval 
---------
       2
(1 row)

SELECT setval('sequence_test'::text, 32);
 setval 
--------
     32
(1 row)

SELECT nextval('sequence_test'::regclass);
 nextval 
---------
      33
(1 row)

SELECT setval('sequence_test'::text, 99, false);
 setval 
--------
     99
(1 row)

SELECT nextval('sequence_test'::regclass);
 nextval 
---------
      99
(1 row)

SELECT setval('sequence_test'::regclass, 32);
 setval 
--------
     32
(1 row)

SELECT nextval('sequence_test'::text);
 nextval 
---------
      33
(1 row)

SELECT setval('sequence_test'::regclass, 99, false);
 setval 
--------
     99
(1 row)

SELECT nextval('sequence_test'::text);
 nextval 
---------
      99
(1 row)

DISCARD SEQUENCES;
SELECT currval('sequence_test'::regclass);
ERROR:  currval of sequence "sequence_test" is not yet defined in this session
DROP SEQUENCE sequence_test;
-- renaming sequences
CREATE SEQUENCE foo_seq nocache;
ALTER TABLE foo_seq RENAME TO foo_seq_new;
SELECT * FROM foo_seq_new;
 last_value | log_cnt | is_called 
------------+---------+-----------
          1 |       0 | f
(1 row)

SELECT nextval('foo_seq_new');
 nextval 
---------
       1
(1 row)

SELECT nextval('foo_seq_new');
 nextval 
---------
       2
(1 row)

-- log_cnt can be higher if there is a checkpoint just at the right
-- time, so just test for the expected range
SELECT last_value, log_cnt IN (31, 32) AS log_cnt_ok, is_called FROM foo_seq_new;
 last_value | log_cnt_ok | is_called 
------------+------------+-----------
          2 | t          | t
(1 row)

DROP SEQUENCE foo_seq_new;
-- renaming serial sequences
ALTER TABLE serialtest1_f2_seq RENAME TO serialtest1_f2_foo;
INSERT INTO serialTest1 VALUES ('more');
SELECT * FROM serialTest1;
  f1   | f2  
-------+-----
 foo   |   1
 bar   |   2
 force | 100
 more  |   3
(4 rows)

--
-- Check dependencies of serial and ordinary sequences
--
CREATE TEMP SEQUENCE myseq2;
CREATE TEMP SEQUENCE myseq3;
CREATE TEMP TABLE t1 (
  f1 serial,
  f2 int DEFAULT nextval('myseq2'),
  f3 int DEFAULT nextval('myseq3'::text)
);
-- Both drops should fail, but with different error messages:
DROP SEQUENCE t1_f1_seq;
ERROR:  cannot drop sequence t1_f1_seq because other objects depend on it
DETAIL:  default value for column f1 of table t1 depends on sequence t1_f1_seq
HINT:  Use DROP ... CASCADE to drop the dependent objects too.
DROP SEQUENCE myseq2;
ERROR:  cannot drop sequence myseq2 because other objects depend on it
DETAIL:  default value for column f2 of table t1 depends on sequence myseq2
HINT:  Use DROP ... CASCADE to drop the dependent objects too.
-- This however will work:
DROP SEQUENCE myseq3;
DROP TABLE t1;
-- Fails because no longer existent:
DROP SEQUENCE t1_f1_seq;
ERROR:  sequence "t1_f1_seq" does not exist
-- Now OK:
DROP SEQUENCE myseq2;
--
-- Alter sequence
--
ALTER SEQUENCE IF EXISTS sequence_test2 RESTART WITH 24
  INCREMENT BY 4 MAXVALUE 36 MINVALUE 5 CYCLE;
NOTICE:  relation "sequence_test2" does not exist, skipping
ALTER SEQUENCE serialTest1 CYCLE;  -- error, not a sequence
ERROR:  "serialtest1" is not a sequence
CREATE SEQUENCE sequence_test2 START WITH 32 NOCACHE;
CREATE SEQUENCE sequence_test4 INCREMENT BY -1 NOCACHE;
SELECT nextval('sequence_test2');
 nextval 
---------
      32
(1 row)

SELECT nextval('sequence_test4');
 nextval 
---------
      -1
(1 row)

ALTER SEQUENCE sequence_test2 RESTART;
SELECT nextval('sequence_test2');
 nextval 
---------
       1
(1 row)

ALTER SEQUENCE sequence_test2 RESTART WITH 0;  -- error
ERROR:  SQL command not properly ended
-- test CYCLE and NO CYCLE
ALTER SEQUENCE sequence_test2 RESTART START WITH 24
  INCREMENT BY 4 MAXVALUE 36 MINVALUE 5 CYCLE;
SELECT nextval('sequence_test2');
 nextval 
---------
      24
(1 row)

SELECT nextval('sequence_test2');
 nextval 
---------
      28
(1 row)

SELECT nextval('sequence_test2');
 nextval 
---------
      32
(1 row)

SELECT nextval('sequence_test2');
 nextval 
---------
      36
(1 row)

SELECT nextval('sequence_test2');  -- cycled
 nextval 
---------
       5
(1 row)

ALTER SEQUENCE sequence_test2 RESTART START WITH 24
  NOCYCLE;
SELECT nextval('sequence_test2');
 nextval 
---------
      24
(1 row)

SELECT nextval('sequence_test2');
 nextval 
---------
      28
(1 row)

SELECT nextval('sequence_test2');
 nextval 
---------
      32
(1 row)

SELECT nextval('sequence_test2');
 nextval 
---------
      36
(1 row)

SELECT nextval('sequence_test2');  -- error
ERROR:  nextval: reached maximum value of sequence "sequence_test2" (36)
ALTER SEQUENCE sequence_test2 RESTART START WITH -24
  INCREMENT BY -4 MINVALUE -36 MAXVALUE -5 CYCLE;
SELECT nextval('sequence_test2');
 nextval 
---------
     -24
(1 row)

SELECT nextval('sequence_test2');
 nextval 
---------
     -28
(1 row)

SELECT nextval('sequence_test2');
 nextval 
---------
     -32
(1 row)

SELECT nextval('sequence_test2');
 nextval 
---------
     -36
(1 row)

SELECT nextval('sequence_test2');  -- cycled
 nextval 
---------
      -5
(1 row)

ALTER SEQUENCE sequence_test2 RESTART START WITH -24
  NOCYCLE;
SELECT nextval('sequence_test2');
 nextval 
---------
     -24
(1 row)

SELECT nextval('sequence_test2');
 nextval 
---------
     -28
(1 row)

SELECT nextval('sequence_test2');
 nextval 
---------
     -32
(1 row)

SELECT nextval('sequence_test2');
 nextval 
---------
     -36
(1 row)

SELECT nextval('sequence_test2');  -- error
ERROR:  nextval: reached minimum value of sequence "sequence_test2" (-36)
-- reset
ALTER SEQUENCE IF EXISTS sequence_test2 RESTART START WITH 32
  INCREMENT BY 4 MAXVALUE 36 MINVALUE 5 CYCLE;
SELECT setval('sequence_test2', -100);  -- error
ERROR:  setval: value -100 is out of bounds for sequence "sequence_test2" (5..36)
SELECT setval('sequence_test2', 100);  -- error
ERROR:  setval: value 100 is out of bounds for sequence "sequence_test2" (5..36)
SELECT setval('sequence_test2', 5);
 setval 
--------
      5
(1 row)

CREATE SEQUENCE sequence_test3 NOCACHE;  -- not read from, to test is_called
-- Information schema
SELECT * FROM information_schema.sequences
  WHERE sequence_name ~ ANY(ARRAY['sequence_test', 'serialtest'])
  ORDER BY sequence_name ASC;
 sequence_catalog | sequence_schema |   sequence_name    |    data_type    | numeric_precision | numeric_precision_radix | numeric_scale | start_value |    minimum_value     |    maximum_value    | increment | cycle_option 
------------------+-----------------+--------------------+-----------------+-------------------+-------------------------+---------------+-------------+----------------------+---------------------+-----------+--------------
 regression       | public          | sequence_test10    | pg_catalog.int2 |                16 |                       2 |             0 | 1           | -20000               | 32767               | 1         | NO
 regression       | public          | sequence_test11    | pg_catalog.int4 |                32 |                       2 |             0 | 1           | 1                    | 2147483647          | 1         | NO
 regression       | public          | sequence_test12    | pg_catalog.int4 |                32 |                       2 |             0 | -1          | -2147483648          | -1                  | -1        | NO
 regression       | public          | sequence_test13    | pg_catalog.int4 |                32 |                       2 |             0 | -32768      | -2147483648          | 2147483647          | 1         | NO
 regression       | public          | sequence_test14    | pg_catalog.int4 |                32 |                       2 |             0 | 32767       | -2147483648          | 2147483647          | -1        | NO
 regression       | public          | sequence_test2     | pg_catalog.int8 |                64 |                       2 |             0 | 32          | 5                    | 36                  | 4         | YES
 regression       | public          | sequence_test3     | pg_catalog.int8 |                64 |                       2 |             0 | 1           | 1                    | 9223372036854775807 | 1         | NO
 regression       | public          | sequence_test4     | pg_catalog.int8 |                64 |                       2 |             0 | -1          | -9223372036854775808 | -1                  | -1        | NO
 regression       | public          | sequence_test5     | pg_catalog.int2 |                16 |                       2 |             0 | 1           | 1                    | 32767               | 1         | NO
 regression       | public          | sequence_test6     | pg_catalog.int2 |                16 |                       2 |             0 | 1           | 1                    | 32767               | 1         | NO
 regression       | public          | sequence_test7     | pg_catalog.int8 |                64 |                       2 |             0 | 1           | 1                    | 9223372036854775807 | 1         | NO
 regression       | public          | sequence_test8     | pg_catalog.int2 |                16 |                       2 |             0 | 1           | 1                    | 20000               | 1         | NO
 regression       | public          | sequence_test9     | pg_catalog.int2 |                16 |                       2 |             0 | -1          | -32768               | -1                  | -1        | NO
 regression       | public          | serialtest1_f2_foo | pg_catalog.int4 |                32 |                       2 |             0 | 1           | 1                    | 2147483647          | 1         | NO
 regression       | public          | serialtest2_f2_seq | pg_catalog.int4 |                32 |                       2 |             0 | 1           | 1                    | 2147483647          | 1         | NO
 regression       | public          | serialtest2_f3_seq | pg_catalog.int2 |                16 |                       2 |             0 | 1           | 1                    | 32767               | 1         | NO
 regression       | public          | serialtest2_f4_seq | pg_catalog.int2 |                16 |                       2 |             0 | 1           | 1                    | 32767               | 1         | NO
 regression       | public          | serialtest2_f5_seq | pg_catalog.int8 |                64 |                       2 |             0 | 1           | 1                    | 9223372036854775807 | 1         | NO
 regression       | public          | serialtest2_f6_seq | pg_catalog.int8 |                64 |                       2 |             0 | 1           | 1                    | 9223372036854775807 | 1         | NO
(19 rows)

SELECT schemaname, sequencename, start_value, min_value, max_value, increment_by, cycle, cache_size, last_value
FROM pg_sequences
WHERE sequencename ~ ANY(ARRAY['sequence_test', 'serialtest'])
  ORDER BY sequencename ASC;
 schemaname |    sequencename    | start_value |      min_value       |      max_value      | increment_by | cycle | cache_size | last_value 
------------+--------------------+-------------+----------------------+---------------------+--------------+-------+------------+------------
 public     | sequence_test10    |           1 |               -20000 |               32767 |            1 | f     |          1 |           
 public     | sequence_test11    |           1 |                    1 |          2147483647 |            1 | f     |          1 |           
 public     | sequence_test12    |          -1 |          -2147483648 |                  -1 |           -1 | f     |          1 |           
 public     | sequence_test13    |      -32768 |          -2147483648 |          2147483647 |            1 | f     |          1 |           
 public     | sequence_test14    |       32767 |          -2147483648 |          2147483647 |           -1 | f     |          1 |           
 public     | sequence_test2     |          32 |                    5 |                  36 |            4 | t     |          1 |          5
 public     | sequence_test3     |           1 |                    1 | 9223372036854775807 |            1 | f     |          1 |           
 public     | sequence_test4     |          -1 | -9223372036854775808 |                  -1 |           -1 | f     |          1 |         -1
 public     | sequence_test5     |           1 |                    1 |               32767 |            1 | f     |          1 |           
 public     | sequence_test6     |           1 |                    1 |               32767 |            1 | f     |          1 |           
 public     | sequence_test7     |           1 |                    1 | 9223372036854775807 |            1 | f     |          1 |           
 public     | sequence_test8     |           1 |                    1 |               20000 |            1 | f     |          1 |           
 public     | sequence_test9     |          -1 |               -32768 |                  -1 |           -1 | f     |          1 |           
 public     | serialtest1_f2_foo |           1 |                    1 |          2147483647 |            1 | f     |          1 |          3
 public     | serialtest2_f2_seq |           1 |                    1 |          2147483647 |            1 | f     |          1 |          2
 public     | serialtest2_f3_seq |           1 |                    1 |               32767 |            1 | f     |          1 |          2
 public     | serialtest2_f4_seq |           1 |                    1 |               32767 |            1 | f     |          1 |          2
 public     | serialtest2_f5_seq |           1 |                    1 | 9223372036854775807 |            1 | f     |          1 |          2
 public     | serialtest2_f6_seq |           1 |                    1 | 9223372036854775807 |            1 | f     |          1 |          2
(19 rows)

SELECT * FROM pg_sequence_parameters('sequence_test4'::regclass);
 start_value |    minimum_value     | maximum_value | increment | cycle_option | cache_size | data_type 
-------------+----------------------+---------------+-----------+--------------+------------+-----------
          -1 | -9223372036854775808 |            -1 |        -1 | f            |          1 |        20
(1 row)

\d sequence_test4
                            Sequence "public.sequence_test4"
      Type       | Start |       Minimum        | Maximum | Increment | Cycles? | Cache 
-----------------+-------+----------------------+---------+-----------+---------+-------
 pg_catalog.int8 |    -1 | -9223372036854775808 |      -1 |        -1 | no      |     1

\d serialtest2_f2_seq
                     Sequence "public.serialtest2_f2_seq"
      Type       | Start | Minimum |  Maximum   | Increment | Cycles? | Cache 
-----------------+-------+---------+------------+-----------+---------+-------
 pg_catalog.int4 |     1 |       1 | 2147483647 |         1 | no      |     1
Owned by: public.serialtest2.f2

-- Test comments
COMMENT ON SEQUENCE asdf IS 'won''t work';
ERROR:  relation "asdf" does not exist
COMMENT ON SEQUENCE sequence_test2 IS 'will work';
COMMENT ON SEQUENCE sequence_test2 IS NULL;
-- Test lastval()
CREATE SEQUENCE seq;
SELECT nextval('seq');
 nextval 
---------
       1
(1 row)

SELECT lastval();
 lastval 
---------
       1
(1 row)

SELECT setval('seq', 99);
 setval 
--------
     99
(1 row)

SELECT lastval();
 lastval 
---------
      99
(1 row)

DISCARD SEQUENCES;
SELECT lastval();
ERROR:  lastval is not yet defined in this session
CREATE SEQUENCE seq2;
SELECT nextval('seq2');
 nextval 
---------
       1
(1 row)

SELECT lastval();
 lastval 
---------
       1
(1 row)

DROP SEQUENCE seq2;
-- should fail
SELECT lastval();
ERROR:  lastval is not yet defined in this session
-- unlogged sequences
-- (more tests in src/test/recovery/)
CREATE UNLOGGED SEQUENCE sequence_test_unlogged;
ALTER SEQUENCE sequence_test_unlogged SET LOGGED;
\d sequence_test_unlogged
                       Sequence "public.sequence_test_unlogged"
      Type       | Start | Minimum |       Maximum       | Increment | Cycles? | Cache 
-----------------+-------+---------+---------------------+-----------+---------+-------
 pg_catalog.int8 |     1 |       1 | 9223372036854775807 |         1 | no      |    20

ALTER SEQUENCE sequence_test_unlogged SET UNLOGGED;
\d sequence_test_unlogged
                   Unlogged sequence "public.sequence_test_unlogged"
      Type       | Start | Minimum |       Maximum       | Increment | Cycles? | Cache 
-----------------+-------+---------+---------------------+-----------+---------+-------
 pg_catalog.int8 |     1 |       1 | 9223372036854775807 |         1 | no      |    20

DROP SEQUENCE sequence_test_unlogged;
-- Test sequences in read-only transactions
CREATE TEMPORARY SEQUENCE sequence_test_temp1;
START TRANSACTION READ ONLY;
SELECT nextval('sequence_test_temp1');  -- ok
 nextval 
---------
       1
(1 row)

SELECT nextval('sequence_test2');  -- error
ERROR:  cannot execute nextval() in a read-only transaction
ROLLBACK;
START TRANSACTION READ ONLY;
SELECT setval('sequence_test_temp1', 1);  -- ok
 setval 
--------
      1
(1 row)

SELECT setval('sequence_test2', 1);  -- error
ERROR:  cannot execute setval() in a read-only transaction
ROLLBACK;
-- privileges tests
CREATE USER regress_seq_user;
-- nextval
BEGIN;
SET LOCAL SESSION AUTHORIZATION regress_seq_user;
CREATE SEQUENCE seq3;
REVOKE ALL ON seq3 FROM regress_seq_user;
GRANT SELECT ON seq3 TO regress_seq_user;
SELECT nextval('seq3');
ERROR:  permission denied for sequence seq3
ROLLBACK;
BEGIN;
SET LOCAL SESSION AUTHORIZATION regress_seq_user;
CREATE SEQUENCE seq3;
REVOKE ALL ON seq3 FROM regress_seq_user;
GRANT UPDATE ON seq3 TO regress_seq_user;
SELECT nextval('seq3');
 nextval 
---------
       1
(1 row)

ROLLBACK;
BEGIN;
SET LOCAL SESSION AUTHORIZATION regress_seq_user;
CREATE SEQUENCE seq3;
REVOKE ALL ON seq3 FROM regress_seq_user;
GRANT USAGE ON seq3 TO regress_seq_user;
SELECT nextval('seq3');
 nextval 
---------
       1
(1 row)

ROLLBACK;
-- currval
BEGIN;
SET LOCAL SESSION AUTHORIZATION regress_seq_user;
CREATE SEQUENCE seq3;
SELECT nextval('seq3');
 nextval 
---------
       1
(1 row)

REVOKE ALL ON seq3 FROM regress_seq_user;
GRANT SELECT ON seq3 TO regress_seq_user;
SELECT currval('seq3');
 currval 
---------
       1
(1 row)

ROLLBACK;
BEGIN;
SET LOCAL SESSION AUTHORIZATION regress_seq_user;
CREATE SEQUENCE seq3;
SELECT nextval('seq3');
 nextval 
---------
       1
(1 row)

REVOKE ALL ON seq3 FROM regress_seq_user;
GRANT UPDATE ON seq3 TO regress_seq_user;
SELECT currval('seq3');
ERROR:  permission denied for sequence seq3
ROLLBACK;
BEGIN;
SET LOCAL SESSION AUTHORIZATION regress_seq_user;
CREATE SEQUENCE seq3;
SELECT nextval('seq3');
 nextval 
---------
       1
(1 row)

REVOKE ALL ON seq3 FROM regress_seq_user;
GRANT USAGE ON seq3 TO regress_seq_user;
SELECT currval('seq3');
 currval 
---------
       1
(1 row)

ROLLBACK;
-- lastval
BEGIN;
SET LOCAL SESSION AUTHORIZATION regress_seq_user;
CREATE SEQUENCE seq3;
SELECT nextval('seq3');
 nextval 
---------
       1
(1 row)

REVOKE ALL ON seq3 FROM regress_seq_user;
GRANT SELECT ON seq3 TO regress_seq_user;
SELECT lastval();
 lastval 
---------
       1
(1 row)

ROLLBACK;
BEGIN;
SET LOCAL SESSION AUTHORIZATION regress_seq_user;
CREATE SEQUENCE seq3;
SELECT nextval('seq3');
 nextval 
---------
       1
(1 row)

REVOKE ALL ON seq3 FROM regress_seq_user;
GRANT UPDATE ON seq3 TO regress_seq_user;
SELECT lastval();
ERROR:  permission denied for sequence seq3
ROLLBACK;
BEGIN;
SET LOCAL SESSION AUTHORIZATION regress_seq_user;
CREATE SEQUENCE seq3;
SELECT nextval('seq3');
 nextval 
---------
       1
(1 row)

REVOKE ALL ON seq3 FROM regress_seq_user;
GRANT USAGE ON seq3 TO regress_seq_user;
SELECT lastval();
 lastval 
---------
       1
(1 row)

ROLLBACK;
-- setval
BEGIN;
SET LOCAL SESSION AUTHORIZATION regress_seq_user;
CREATE SEQUENCE seq3;
REVOKE ALL ON seq3 FROM regress_seq_user;
SAVEPOINT save;
SELECT setval('seq3', 5);
ERROR:  permission denied for sequence seq3
ROLLBACK TO save;
GRANT UPDATE ON seq3 TO regress_seq_user;
SELECT setval('seq3', 5);
 setval 
--------
      5
(1 row)

SELECT nextval('seq3');
 nextval 
---------
       6
(1 row)

ROLLBACK;
-- ALTER SEQUENCE
BEGIN;
SET LOCAL SESSION AUTHORIZATION regress_seq_user;
ALTER SEQUENCE sequence_test2 START WITH 1;
ERROR:  must be owner of sequence sequence_test2
ROLLBACK;
-- Sequences should get wiped out as well:
DROP TABLE serialTest1, serialTest2;
-- Make sure sequences are gone:
SELECT * FROM information_schema.sequences WHERE sequence_name IN
  ('sequence_test2', 'serialtest2_f2_seq', 'serialtest2_f3_seq',
   'serialtest2_f4_seq', 'serialtest2_f5_seq', 'serialtest2_f6_seq')
  ORDER BY sequence_name ASC;
 sequence_catalog | sequence_schema | sequence_name  |    data_type    | numeric_precision | numeric_precision_radix | numeric_scale | start_value | minimum_value | maximum_value | increment | cycle_option 
------------------+-----------------+----------------+-----------------+-------------------+-------------------------+---------------+-------------+---------------+---------------+-----------+--------------
 regression       | public          | sequence_test2 | pg_catalog.int8 |                64 |                       2 |             0 | 32          | 5             | 36            | 4         | YES
(1 row)

DROP USER regress_seq_user;
DROP SEQUENCE seq;
-- cache tests
CREATE SEQUENCE test_seq1 CACHE 10;
SELECT nextval('test_seq1');
 nextval 
---------
       1
(1 row)

SELECT nextval('test_seq1');
 nextval 
---------
       2
(1 row)

SELECT nextval('test_seq1');
 nextval 
---------
       3
(1 row)

DROP SEQUENCE test_seq1;
--
-- Test oracle compatible fetures
--
--just for syntax
CREATE SEQUENCE seq_sharing1 SHARING=METADATA INCREMENT BY 2 START WITH 30 MINVALUE 10 MAXVALUE 50 CYCLE CACHE 2 ORDER KEEP NOSCALE GLOBAL;
DROP SEQUENCE seq_sharing1;
CREATE SEQUENCE seq_sharing2 SHARING=DATA INCREMENT BY 2 START WITH 30 MINVALUE 10 MAXVALUE 50 CYCLE CACHE 2 ORDER KEEP NOSCALE GLOBAL;
DROP SEQUENCE seq_sharing2;
CREATE SEQUENCE seq_sharing3 SHARING=NONE INCREMENT BY 2 START WITH 30 MINVALUE 10 MAXVALUE 50 CYCLE CACHE 2 ORDER KEEP NOSCALE GLOBAL;
DROP SEQUENCE seq_sharing3;
CREATE SEQUENCE seq_order1 INCREMENT BY 2 START WITH 30 MINVALUE 10 MAXVALUE 50 CYCLE CACHE 2 ORDER KEEP NOSCALE GLOBAL;
DROP SEQUENCE seq_order1;
CREATE SEQUENCE seq_order2 INCREMENT BY 2 START WITH 30 MINVALUE 10 MAXVALUE 50 CYCLE CACHE 2 NOORDER KEEP NOSCALE GLOBAL;
DROP SEQUENCE seq_order2;
CREATE SEQUENCE seq_shard1 SHARING=NONE INCREMENT BY 2 START WITH 30 MINVALUE 10 MAXVALUE 50 CYCLE CACHE 2 ORDER KEEP NOSCALE SHARD EXTEND GLOBAL;
DROP SEQUENCE seq_shard1;
CREATE SEQUENCE seq_shard2 SHARING=NONE INCREMENT BY 2 START WITH 30 MINVALUE 10 MAXVALUE 50 CYCLE CACHE 2 ORDER KEEP NOSCALE SHARD NOEXTEND GLOBAL;
DROP SEQUENCE seq_shard2;
create sequence seq_shard3 shard;
DROP SEQUENCE seq_shard3;
create sequence seq_shard4 noshard;
DROP SEQUENCE seq_shard4;
create sequence seq_shard5 shard extend ;
alter sequence seq_shard5 noshard ;
DROP SEQUENCE seq_shard5;
create sequence seq;
SELECT seq.NEXTVAL FROM DUAL;--result:1
 nextval 
---------
       1
(1 row)

alter sequence seq restart start with 10;
SELECT seq.NEXTVAL FROM DUAL;--result:10
 nextval 
---------
      10
(1 row)

DROP SEQUENCE seq;
CREATE SEQUENCE seq_restart1 INCREMENT BY 1 START WITH 32 MINVALUE 10 MAXVALUE 50;
select seq_restart1.nextval from dual;
 nextval 
---------
      32
(1 row)

alter sequence seq_restart1 restart;
select seq_restart1.nextval from dual;
 nextval 
---------
      10
(1 row)

DROP SEQUENCE seq_restart1;
create sequence seq_restart2 increment by -1 start with 32 minvalue 10 maxvalue 50;
select seq_restart2.nextval from dual;
 nextval 
---------
      32
(1 row)

alter sequence seq_restart2 restart;
select seq_restart2.nextval from dual;
 nextval 
---------
      50
(1 row)

DROP SEQUENCE seq_restart2;
create sequence seq_max4 increment by 2 start with 15 maxvalue 10;--error
ERROR:  START value (15) cannot be greater than MAXVALUE (10)
create sequence seq_max4 increment by -2 start with 15 maxvalue 10;--error
ERROR:  START value (15) cannot be greater than MAXVALUE (10)
create sequence seq_min4 increment by 2 start with 10 minvalue 15;--error
ERROR:  START value (10) cannot be less than MINVALUE (15)
create sequence seq_min4 increment by -2 start with 10 minvalue 15 maxvalue 25;--error
ERROR:  START value (10) cannot be less than MINVALUE (15)
create sequence seq_cache1 cache 1;--error
ERROR:  the number of values to CACHE must be greater than 1
create sequence seq_cache1 cache 2;--ok
select cache_size from all_sequences where sequence_name='seq_cache1';
 cache_size 
------------
          2
(1 row)

DROP SEQUENCE seq_cache1;
create sequence seq_cache2 nocache;
select cache_size from all_sequences where sequence_name='seq_cache2';
 cache_size 
------------
          1
(1 row)

DROP SEQUENCE seq_cache2;
create sequence seq_cache3;
select cache_size from all_sequences where sequence_name='seq_cache3';
 cache_size 
------------
         20
(1 row)

DROP SEQUENCE seq_cache3;
create sequence seq_scale4 minvalue 1 maxvalue 100 noscale;
select seq_scale5.nextval from dual;
ERROR:  relation "seq_scale5" does not exist
LINE 1: select seq_scale5.nextval from dual;
               ^
DROP SEQUENCE seq_cache4;
ERROR:  sequence "seq_cache4" does not exist
create sequence seq_session1 session ;
select session_flag from all_sequences where sequence_name='seq_session1';
 session_flag 
--------------
 Y
(1 row)

select seq_session1.nextval from dual;
 nextval 
---------
       1
(1 row)

select seq_session1.nextval from dual;
 nextval 
---------
       2
(1 row)

DROP SEQUENCE seq_session1;
create sequence seq start with 6 minvalue 3 maxvalue 8 cycle session nocache;
select seq.nextval from dual;
 nextval 
---------
       6
(1 row)

select seq.nextval from dual;
 nextval 
---------
       7
(1 row)

select seq.nextval from dual;
 nextval 
---------
       8
(1 row)

select seq.nextval from dual; --cycle from minavlue 3
 nextval 
---------
       3
(1 row)

DROP SEQUENCE seq;
create sequence seq start with -2 minvalue -5 maxvalue -1 increment by -2 cycle session nocache;
select seq.nextval from dual;
 nextval 
---------
      -2
(1 row)

select seq.nextval from dual;
 nextval 
---------
      -4
(1 row)

select seq.nextval from dual; --cycle from  maxvalue -1
 nextval 
---------
      -1
(1 row)

DROP SEQUENCE seq;
--nocacle
create sequence seq start with -2 minvalue -5 maxvalue -1 increment by -2 session nocache;
select seq.nextval from dual;
 nextval 
---------
      -2
(1 row)

select seq.nextval from dual;
 nextval 
---------
      -4
(1 row)

select seq.nextval from dual; --error
ERROR:  sequence seq.nextval goes below MINVALUE and cannot be instantiated
DROP SEQUENCE seq;
-- Exceeded the maximum value of scale extend
create sequence seq scale extend maxvalue 99999999999999;--maximum value will decrease to 9999999999999
select min_value, max_value from user_sequences where sequence_name = 'seq';
 min_value |   max_value   
-----------+---------------
         1 | 9999999999999
(1 row)

DROP SEQUENCE seq;
create sequence seq scale extend increment by -1 minvalue -99999999999999;--minvalue -9999999999999 maxvalue -1
select min_value, max_value from user_sequences where sequence_name = 'seq';
   min_value    | max_value 
----------------+-----------
 -9999999999999 |        -1
(1 row)

DROP SEQUENCE seq;
-- test seq number after alter table
create sequence seq start with 100;
select seq.nextval from dual;
 nextval 
---------
     100
(1 row)

select seq.nextval from dual;
 nextval 
---------
     101
(1 row)

alter sequence seq session;
select seq.currval from dual;
 currval 
---------
     101
(1 row)

select seq.nextval from dual;
 nextval 
---------
     102
(1 row)

DROP SEQUENCE seq;
--test scale option
CREATE SEQUENCE seq scale extend;
select seq.nextval from dual;
       nextval       
---------------------
 1999990000000000001
(1 row)

select seq.currval from dual;
       currval       
---------------------
 1999990000000000001
(1 row)

DROP SEQUENCE seq;
create sequence seq scale noextend;
select seq.nextval from dual;
       nextval       
---------------------
 1999990000000000001
(1 row)

select seq.currval from dual;
       currval       
---------------------
 1999990000000000001
(1 row)

DROP SEQUENCE seq;
CREATE SEQUENCE seq scale extend;
select seq.nextval from dual;
       nextval       
---------------------
 1999990000000000001
(1 row)

ALTER SEQUENCE seq SCALE NOEXTEND RESTART;
select seq.nextval from dual;
       nextval       
---------------------
 1999990000000000001
(1 row)

select seq.currval from dual;
       currval       
---------------------
 1999990000000000001
(1 row)

DROP SEQUENCE seq;
CREATE SEQUENCE scale_err_seq START WITH 1 MAXVALUE 999 SCALE;
SELECT scale_err_seq.nextval FROM dual;--ERROR
ERROR:  NEXTVAL cannot be instantiated for scale_err_seq. Widen the sequence by 4 digits or alter sequence with SCALE EXTEND
DROP SEQUENCE scale_err_seq;
CREATE SEQUENCE scale_seq START WITH 8 MAXVALUE 9999999 SCALE;
SELECT scale_seq.nextval FROM dual;--OK
 nextval 
---------
 1999998
(1 row)

SELECT scale_seq.nextval FROM dual;--OK
 nextval 
---------
 1999999
(1 row)

SELECT scale_seq.nextval FROM dual;--ERROR
ERROR:  NEXTVAL cannot be instantiated for scale_seq. Widen the sequence by 1 digits or alter sequence with SCALE EXTEND
DROP SEQUENCE scale_seq;
create sequence seq_scale1 minvalue 1 maxvalue 100 scale extend;
select seq_scale1.nextval from dual;
  nextval  
-----------
 199999001
(1 row)

alter sequence seq_scale1 maxvalue 9999999999999 noscale;
select seq_scale1.nextval from dual;
  nextval  
-----------
 199999002
(1 row)

DROP SEQUENCE seq_scale1;
create sequence seq_scale2 minvalue 1 maxvalue 100 scale extend;
alter sequence seq_scale2 maxvalue 9999999999999 noscale;
select seq_scale2.nextval from dual;
 nextval 
---------
       1
(1 row)

DROP SEQUENCE seq_scale2;
create sequence seq maxvalue -1 minvalue -99999999 start with -2 scale extend;
select seq.nextval from dual;
     nextval     
-----------------
 -19999900000002
(1 row)

select seq.nextval from dual;
     nextval     
-----------------
 -19999900000001
(1 row)

select seq.currval from dual;
     currval     
-----------------
 -19999900000001
(1 row)

DROP SEQUENCE seq;
create sequence seq maxvalue -1 minvalue -99999999 start with -2 increment by -1 scale extend;
select seq.nextval from dual;
     nextval     
-----------------
 -19999900000002
(1 row)

select seq.currval from dual;
     currval     
-----------------
 -19999900000002
(1 row)

DROP SEQUENCE seq;
create sequence seq session start with 10 increment by 2 maxvalue 20 cycle;
select seq.nextval from dual;
 nextval 
---------
      10
(1 row)

DISCARD sequences;
select seq.nextval from dual;
 nextval 
---------
      10
(1 row)

DROP SEQUENCE seq;
create sequence test_conversion start with 100 scale extend maxvalue 9999;
select test_conversion.nextval from dual;
  nextval   
------------
 1999990100
(1 row)

select test_conversion.nextval from dual;
  nextval   
------------
 1999990101
(1 row)

alter sequence test_conversion SESSION;
select test_conversion.currval from dual;
  currval   
------------
 1999990101
(1 row)

select test_conversion.nextval from dual;
ERROR:  sequence test_conversion.nextval exceeds MAXVALUE and cannot be instantiated
select test_conversion.currval from dual;
  currval   
------------
 1999990101
(1 row)

DROP SEQUENCE test_conversion;
create sequence test_conversion start with 100 scale extend  session maxvalue 9999;
select test_conversion.nextval from dual;
 nextval 
---------
     100
(1 row)

select test_conversion.nextval from dual;
 nextval 
---------
     101
(1 row)

alter sequence test_conversion global;
select test_conversion.currval from dual;
 currval 
---------
     101
(1 row)

select test_conversion.nextval from dual;
  nextval   
------------
 1999990100
(1 row)

DROP SEQUENCE test_conversion;
set ivorysql.enable_internal_warning = true;
CREATE SEQUENCE seq scale extend;
WARNING:  Scale extend value is greater than 9999999999999
create sequence seq_scale2 minvalue 1 maxvalue 9999999999999999 scale extend;
WARNING:  Scale extend value is greater than 9999999999999
DROP SEQUENCE seq;
DROP SEQUENCE seq_scale2;
set ivorysql.enable_internal_warning = false;
CREATE SEQUENCE seq scale extend;
create sequence seq_scale2 minvalue 1 maxvalue 9999999999999999 scale extend;
DROP SEQUENCE seq;
DROP SEQUENCE seq_scale2;
create sequence seq_restart3 increment by 1 start with 32 minvalue 10 maxvalue 50;
alter sequence seq_restart3 start with 20;
ERROR:  cannot alter starting sequence number
SET ivorysql.enable_seq_scale_fixed = FALSE;
