set datestyle to ISO,YMD;
set search_path to oracle, pg_catalog;
SELECT btrim(121232112, 21) "BTRIM Example";
 BTRIM Example 
---------------
 3
(1 row)

SELECT btrim(121232112) "BTRIM Example";
 BTRIM Example 
---------------
 121232112
(1 row)

SELECT btrim(12312::int2, 21::int2) "BTRIM Example";
 BTRIM Example 
---------------
 3
(1 row)

SELECT btrim(1223112::int4, 21::int4) "BTRIM Example";
 BTRIM Example 
---------------
 3
(1 row)

SELECT btrim(1223112::int4) "BTRIM Example";
 BTRIM Example 
---------------
 1223112
(1 row)

SELECT btrim(121232112::int8, 21::int8) "BTRIM Example";
 BTRIM Example 
---------------
 3
(1 row)

SELECT btrim(2.13232112, 2.1) "BTRIM Example";
 BTRIM Example 
---------------
 323
(1 row)

SELECT btrim(2.13232112::numeric, 2.1::numeric) "BTRIM Example";
 BTRIM Example 
---------------
 323
(1 row)

SELECT btrim(2.13232112::numeric) "BTRIM Example";
 BTRIM Example 
---------------
 2.13232112
(1 row)

SELECT btrim('121232112', '21') "BTRIM Example";
 BTRIM Example 
---------------
 3
(1 row)

SELECT btrim('<=====>BROWNING<=====>', '<>=') "BTRIM Example";
 BTRIM Example 
---------------
 BROWNING
(1 row)

SELECT btrim('  abddfsdga  ') "BTRIM Example";
 BTRIM Example 
---------------
 abddfsdga
(1 row)

SELECT btrim('  abddfsdga  '::char(5)) "BTRIM Example";
 BTRIM Example 
---------------
 abd
(1 row)

SELECT btrim('  abddfsdga  '::char(100)) "BTRIM Example";
 BTRIM Example 
---------------
 abddfsdga
(1 row)

SELECT btrim('  abddfsdga  '::varchar2(25)) "BTRIM Example";
 BTRIM Example 
---------------
 abddfsdga
(1 row)

SELECT btrim('<=====>BROWNING<=====>'::char(25), '<>='::char(3)) "BTRIM Example";
   BTRIM Example    
--------------------
 BROWNING<=====>   
(1 row)

SELECT btrim('<=====>BROWNING<=====>'::varchar(25), '<>='::varchar(5)) "BTRIM Example";
 BTRIM Example 
---------------
 BROWNING
(1 row)

SELECT btrim('<=====>BROWNING<=====>'::varchar2(25), '<>='::varchar2(5)) "BTRIM Example";
 BTRIM Example 
---------------
 BROWNING
(1 row)

SELECT btrim('<=====>BROWNING<=====>'::nvarchar2(25), '<>='::nvarchar2(5)) "BTRIM Example";
 BTRIM Example 
---------------
 BROWNING
(1 row)

SELECT btrim('<=====>BROWNING<=====>'::text, '<>='::text) "BTRIM Example";
 BTRIM Example 
---------------
 BROWNING
(1 row)

SELECT btrim('我的家我的梦我的'::varchar2(25), '我的家'::varchar2(9)) "BTRIM Example";
 BTRIM Example 
---------------
 梦
(1 row)

SELECT btrim('2019-12-12'::date, '2019-12-12'::date) "BTRIM Example";
 BTRIM Example 
---------------
 
(1 row)

SELECT btrim('2019-12-12'::timestamp, '2019-12-12'::timestamp) "BTRIM Example";
 BTRIM Example 
---------------
 
(1 row)

SELECT btrim('2019-12-12'::timestamp) "BTRIM Example";
    BTRIM Example    
---------------------
 2019-12-12 00:00:00
(1 row)

SELECT btrim(null,'nu'::text);
 btrim 
-------
 
(1 row)

SELECT btrim('nu'::text,null);
 btrim 
-------
 
(1 row)

SELECT btrim(null,null);
 btrim 
-------
 
(1 row)

SELECT btrim('','');
 btrim 
-------
 
(1 row)

SELECT btrim('',' ');
 btrim 
-------
 
(1 row)

SELECT btrim(' ','');
 btrim 
-------
  
(1 row)

SELECT btrim(' ',' ');
 btrim 
-------
 
(1 row)

SELECT btrim(0::int,0.99::numeric);
 btrim 
-------
 
(1 row)

SELECT btrim(-1::int,-1::int);
 btrim 
-------
 
(1 row)

SELECT btrim(null);
 btrim 
-------
 
(1 row)

SELECT btrim('');
 btrim 
-------
 
(1 row)

SELECT btrim(' ');
 btrim 
-------
 
(1 row)

SELECT btrim(0::int);
 btrim 
-------
 0
(1 row)

SELECT btrim(-5::int);
 btrim 
-------
 -5
(1 row)

SELECT btrim(0.99::numeric);
 btrim 
-------
 0.99
(1 row)

SELECT btrim(-5.99::numeric);
 btrim 
-------
 -5.99
(1 row)

reset search_path;
