/* type nvarchar test */
set compatible_mode to oracle;
create table nvarchar_t1 (id int, name nvarchar(32));
insert into nvarchar_t1 values (1,'ab'),(2,'as');
create table nvarchar_t2 (id int, name nchar(32));
insert into nvarchar_t2 values (1,'ab'),(2,'as');
select * from nvarchar_t1 where name = 'ab';
 id | name 
----+------
  1 | ab
(1 row)

select * from nvarchar_t1 where name = 'as';
 id | name 
----+------
  2 | as
(1 row)

select * from nvarchar_t1 where name = 'ab     ';
 id | name 
----+------
(0 rows)

select * from nvarchar_t1 where name = 'ab'or name = 'as';
 id | name 
----+------
  1 | ab
  2 | as
(2 rows)

select * from nvarchar_t1 where name = 'ab'or name = 'as';
 id | name 
----+------
  1 | ab
  2 | as
(2 rows)

select nvarchar_t1.name || nvarchar_t2.name from nvarchar_t1,nvarchar_t2;
 ?column? 
----------
 abab
 abas
 asab
 asas
(4 rows)

select * from nvarchar_t1 where name <> 'ab';
 id | name 
----+------
  2 | as
(1 row)

select * from nvarchar_t1 where name <> 'cc';
 id | name 
----+------
  1 | ab
  2 | as
(2 rows)

select * from nvarchar_t1 where name > 'ac';
 id | name 
----+------
  2 | as
(1 row)

select * from nvarchar_t1 where name >= 'ac';
 id | name 
----+------
  2 | as
(1 row)

select * from nvarchar_t1 where name < 'ac';
 id | name 
----+------
  1 | ab
(1 row)

select * from nvarchar_t1 where name <= 'ac';
 id | name 
----+------
  1 | ab
(1 row)

select * from nvarchar_t1 where name ~ 'ac';
 id | name 
----+------
(0 rows)

select * from nvarchar_t1 where name ~ 'ab';
 id | name 
----+------
  1 | ab
(1 row)

select * from nvarchar_t1 where name ~ 'a';
 id | name 
----+------
  1 | ab
  2 | as
(2 rows)

select * from nvarchar_t1 where name !~ 'ac';
 id | name 
----+------
  1 | ab
  2 | as
(2 rows)

select * from nvarchar_t1 where name !~ 'ab';
 id | name 
----+------
  2 | as
(1 row)

select * from nvarchar_t1 where name !~ 'a';
 id | name 
----+------
(0 rows)

select * from nvarchar_t1 where name ~~ 'ab';
 id | name 
----+------
  1 | ab
(1 row)

select * from nvarchar_t1 where name !~~ 'ab';
 id | name 
----+------
  2 | as
(1 row)

select * from nvarchar_t1 where name ~* 'ab';
 id | name 
----+------
  1 | ab
(1 row)

select * from nvarchar_t1 where name !~* 'ab';
 id | name 
----+------
  2 | as
(1 row)

select * from nvarchar_t1 where name ~~* 'ab';
 id | name 
----+------
  1 | ab
(1 row)

select * from nvarchar_t1 where name !~~* 'ab';
 id | name 
----+------
  2 | as
(1 row)

select * from nvarchar_t1 where name ~<~ 'ab';
 id | name 
----+------
(0 rows)

select * from nvarchar_t1 where name ~<=~ 'ab';
 id | name 
----+------
  1 | ab
(1 row)

select * from nvarchar_t1 where name ~>~ 'ab';
 id | name 
----+------
  2 | as
(1 row)

select * from nvarchar_t1 where name ~>=~ 'ab';
 id | name 
----+------
  1 | ab
  2 | as
(2 rows)

create table varchar_t11 (id int, name varchar(32));
insert into varchar_t11 values (1,'ab'),(2,'as');
create table varchar_t22 (id int, name char(32));
insert into varchar_t22 values (1,'ab'),(2,'as');
select * from varchar_t11 where name = 'ab';
 id | name 
----+------
  1 | ab
(1 row)

select * from varchar_t11 where name = 'as';
 id | name 
----+------
  2 | as
(1 row)

select * from varchar_t11 where name = 'ab     ';
 id | name 
----+------
(0 rows)

select * from varchar_t11 where name = 'ab'or name = 'as';
 id | name 
----+------
  1 | ab
  2 | as
(2 rows)

select * from varchar_t11 where name = 'ab'or name = 'as';
 id | name 
----+------
  1 | ab
  2 | as
(2 rows)

select varchar_t11.name || varchar_t22.name from varchar_t11,varchar_t22;
 ?column? 
----------
 abab
 abas
 asab
 asas
(4 rows)

select * from varchar_t11 where name <> 'ab';
 id | name 
----+------
  2 | as
(1 row)

select * from varchar_t11 where name <> 'cc';
 id | name 
----+------
  1 | ab
  2 | as
(2 rows)

select * from varchar_t11 where name > 'ac';
 id | name 
----+------
  2 | as
(1 row)

select * from varchar_t11 where name >= 'ac';
 id | name 
----+------
  2 | as
(1 row)

select * from varchar_t11 where name < 'ac';
 id | name 
----+------
  1 | ab
(1 row)

select * from varchar_t11 where name <= 'ac';
 id | name 
----+------
  1 | ab
(1 row)

select * from varchar_t11 where name ~ 'ac';
 id | name 
----+------
(0 rows)

select * from varchar_t11 where name ~ 'ab';
 id | name 
----+------
  1 | ab
(1 row)

select * from varchar_t11 where name ~ 'a';
 id | name 
----+------
  1 | ab
  2 | as
(2 rows)

select * from varchar_t11 where name !~ 'ac';
 id | name 
----+------
  1 | ab
  2 | as
(2 rows)

select * from varchar_t11 where name !~ 'ab';
 id | name 
----+------
  2 | as
(1 row)

select * from varchar_t11 where name !~ 'a';
 id | name 
----+------
(0 rows)

select * from varchar_t11 where name ~~ 'ab';
 id | name 
----+------
  1 | ab
(1 row)

select * from varchar_t11 where name !~~ 'ab';
 id | name 
----+------
  2 | as
(1 row)

select * from varchar_t11 where name ~* 'ab';
 id | name 
----+------
  1 | ab
(1 row)

select * from varchar_t11 where name !~* 'ab';
 id | name 
----+------
  2 | as
(1 row)

select * from varchar_t11 where name ~~* 'ab';
 id | name 
----+------
  1 | ab
(1 row)

select * from varchar_t11 where name !~~* 'ab';
 id | name 
----+------
  2 | as
(1 row)

select * from varchar_t11 where name ~<~ 'ab';
 id | name 
----+------
(0 rows)

select * from varchar_t11 where name ~<=~ 'ab';
 id | name 
----+------
  1 | ab
(1 row)

select * from varchar_t11 where name ~>~ 'ab';
 id | name 
----+------
  2 | as
(1 row)

select * from varchar_t11 where name ~>=~ 'ab';
 id | name 
----+------
  1 | ab
  2 | as
(2 rows)

drop table nvarchar_t1, varchar_t11;
create or replace function nvarchartestfunc1(str nvarchar)
returns nvarchar as $$
begin
	return 'this is a nvarchar type, value: ' || str;
end;
$$ language plpgsql;
create or replace function nvarchartestfunc11(str varchar)
returns varchar as $$
begin
	return 'this is a varchar type, value: ' || str;
end;
$$ language plpgsql;
create table tb_text (name text);
insert into tb_text values ('haha');
select nvarchartestfunc1(name) from tb_text;
          nvarchartestfunc1           
--------------------------------------
 this is a nvarchar type, value: haha
(1 row)

drop table tb_text;
create table tb_bpchar (name char(32));
insert into tb_bpchar values ('haha');
select nvarchartestfunc1(name) from tb_bpchar;
          nvarchartestfunc1           
--------------------------------------
 this is a nvarchar type, value: haha
(1 row)

drop table tb_bpchar;
create table tb_char (name "char");
insert into tb_char values ('A');
select nvarchartestfunc1(name) from tb_char;
ERROR:  function nvarchartestfunc1("char") does not exist
LINE 1: select nvarchartestfunc1(name) from tb_char;
               ^
HINT:  No function matches the given name and argument types. You might need to add explicit type casts.
select nvarchartestfunc11(name) from tb_char;
ERROR:  function nvarchartestfunc11("char") does not exist
LINE 1: select nvarchartestfunc11(name) from tb_char;
               ^
HINT:  No function matches the given name and argument types. You might need to add explicit type casts.
drop table tb_char;
create table tb_varchar (name varchar(32));
insert into tb_varchar values ('haha');
select nvarchartestfunc1(name) from tb_varchar;
          nvarchartestfunc1           
--------------------------------------
 this is a nvarchar type, value: haha
(1 row)

drop table tb_varchar;
create table tb_name (name name);
insert into tb_name values ('haha');
select nvarchartestfunc1(name) from tb_name;
ERROR:  function nvarchartestfunc1(name) does not exist
LINE 1: select nvarchartestfunc1(name) from tb_name;
               ^
HINT:  No function matches the given name and argument types. You might need to add explicit type casts.
select nvarchartestfunc11(name) from tb_name;
ERROR:  function nvarchartestfunc11(name) does not exist
LINE 1: select nvarchartestfunc11(name) from tb_name;
               ^
HINT:  No function matches the given name and argument types. You might need to add explicit type casts.
drop table tb_name;
create table tb_bool (name bool);
insert into tb_bool values ('true');
select nvarchartestfunc1(name) from tb_bool;
ERROR:  function nvarchartestfunc1(boolean) does not exist
LINE 1: select nvarchartestfunc1(name) from tb_bool;
               ^
HINT:  No function matches the given name and argument types. You might need to add explicit type casts.
select nvarchartestfunc11(name) from tb_bool;
ERROR:  function nvarchartestfunc11(boolean) does not exist
LINE 1: select nvarchartestfunc11(name) from tb_bool;
               ^
HINT:  No function matches the given name and argument types. You might need to add explicit type casts.
drop table tb_bool;
create table tb_varchar2 (name varchar2);
insert into tb_varchar2 values ('haha');
select nvarchartestfunc1(name) from tb_varchar2;
          nvarchartestfunc1           
--------------------------------------
 this is a nvarchar type, value: haha
(1 row)

drop table tb_varchar2;
create table tb_nvarchar2 (name nvarchar2);
insert into tb_nvarchar2 values ('haha');
select nvarchartestfunc1(name) from tb_nvarchar2;
          nvarchartestfunc1           
--------------------------------------
 this is a nvarchar type, value: haha
(1 row)

drop table tb_nvarchar2;
drop FUNCTION nvarchartestfunc1;
drop FUNCTION nvarchartestfunc11;
