SET synchronous_commit = on;
CREATE TABLE test_time(data text);
-- remember the current time
SELECT set_config('test.time_before', NOW()::text, false) IS NOT NULL;
 ?column? 
----------
 t
(1 row)

SELECT 'init' FROM pg_create_logical_replication_slot('regression_slot', 'test_decoding');
 ?column? 
----------
 init
(1 row)

-- a single transaction, to get the commit time
INSERT INTO test_time(data) VALUES ('');
-- parse the commit time from the changeset
SELECT set_config('test.time_after', regexp_replace(data, '^COMMIT \(at (.*)\)$', '\1'), false) IS NOT NULL
FROM pg_logical_slot_peek_changes('regression_slot', NULL, NULL, 'include-xids', '0', 'skip-empty-xacts', '1', 'include-timestamp', '1')
WHERE data ~ 'COMMIT' LIMIT 1;
 ?column? 
----------
 t
(1 row)

-- ensure commit time is sane in relation to the previous time
SELECT (time_after - time_before) <= '10 minutes'::pg_catalog.interval, time_after >= time_before
FROM (SELECT current_setting('test.time_after')::pg_catalog.timestamptz AS time_after, (SELECT current_setting('test.time_before')::pg_catalog.timestamptz) AS time_before) AS d;
 ?column? | ?column? 
----------+----------
 t        | t
(1 row)

SELECT pg_drop_replication_slot('regression_slot');
 pg_drop_replication_slot 
--------------------------
 
(1 row)

